Script started on 2022-02-11 14:59:28-05:00 [TERM="xterm-256color" TTY="/dev/pts/0" COLUMNS="121" LINES="37"]
]0;hs59@gold12: ~/cs214/lab/05[01;32mhs59@gold12[00m:[01;34m~/cs214/lab/05[00m$ clojure
[KClojure 1.10.1
[Kuser=> [Kuser=> [Kuser=> (df ef   triple             (def triple (fn [x][x] (* x 3)(* x 3))(fn [x] (* x 3)))user=> (def triple (fn [x] (* x 3)))user=> [K(def triple (fn [x] (* x 3)))
[K#'user/triple
user=> [Kuser=> [Kuser=> t (trip   ple 4)user=> (triple 4)user=> [K(triple 4)
12
user=> [Kuser=> [Kuser=> (defn triple [x][x] (* x 3)(* x 3))user=> (defn triple [x] (* x 3))user=> [K(defn triple [x] (* x 3))
#'user/triple
user=> [Kuser=> [Kuser=> (triple 4)user=> (triple 4)user=> [K(triple 4)
12
user=> [Kuser=> [Kuser=> (defn triple [x][x] (* x 3)(* x 3))user=> (defn triple [x] (* x 3))user=> [K(defn triple [x] (* x 3))
#'user/triple
user=> [Kuser=> [Kuser=> (sum2Squares 3 4)user=> (sum2Squares 3 4)user=> [K(sum2Squares 3 4)
Syntax error compiling at (REPL:1:1).
Unable to resolve symbol: sum2Squares in this context
user=> [Kuser=> [Kuser=> (def sum2Squares #(+ (* %1 %1)(* %1 %1) (* %2 %2)(* %2 %2))(+ (* %1 %1) (* %2 %2)))user=> (def sum2Squares #(+ (* %1 %1) (* %2 %2)))user=> [K(def sum2Squares #(+ (* %1 %1) (* %2 %2)))
#'user/sum2Squares
user=> [Kuser=> [Kuser=> (sum2Squares 3 4)user=> (sum2Squares 3 4)user=> [K(sum2Squares 3 4)
25
user=> [Kuser=> [Kuser=> 
[K]0;hs59@gold12: ~/cs214/lab/05[01;32mhs59@gold12[00m:[01;34m~/cs214/lab/05[00m$ exit

Script done on 2022-02-11 15:05:38-05:00 [COMMAND_EXIT_CODE="0"]
