Script started on 2022-02-11 15:12:02-05:00 [TERM="xterm-256color" TTY="/dev/pts/0" COLUMNS="121" LINES="37"]
]0;hs59@gold12: ~/cs214/lab/05[01;32mhs59@gold12[00m:[01;34m~/cs214/lab/05[00m$ clojure
[KClojure 1.10.1
[Kuser=> [Kuser=> [Kuser=> map()()     (map + [1 2 3 4][1 2 3 4] [1 2 3 4][1 2 3 4])user=> (map + [1 2 3 4] [1 2 3 4])user=> [K(map + [1 2 3 4] [1 2 3 4])
(2 4 6 8)
user=> [Kuser=> [Kuser=> (map * [1 2 3 4][1 2 3 4] [1 2 3 4][1 2 3 4])user=> (map * [1 2 3 4] [1 2 3 4])user=> [K(map * [1 2 3 4] [1 2 3 4])
(1 4 9 16)
user=> [Kuser=> [Kuser=> (Math/abs -3)user=> (Math/abs -3)user=> [K(Math/abs -3)
3
user=> [Kuser=> [Kuser=> (map Math/abs [-1 2 -3 4 -5][-1 2 -3 4 -5])user=> (map Math/abs [-1 2 -3 4 -5])user=> [K(map Math/abs [-1 2 -3 4 -5])
Syntax error compiling at (REPL:1:1).
Unable to find static field: abs in class java.lang.Math
user=> [Kuser=> [Kuser=> (map (fn [x][x] (if (< x 0)(< x 0) (- x)(- x) x)(if (< x 0) (- x) x))user=> (map (fn [x] (if (< x 0) (- x) x)) [-1 2 -3 4 -5][-1 2 -3 4 -5])user=> (map (fn [x] (if (< x 0) (- x) x)) [-1 2 -3 4 -5])user=> [K(map (fn [x] (if (< x 0) (- x) x)) [-1 2 -3 4 -5])
[K(1 2 3 4 5)
user=> [Kuser=> [Kuser=> (defn subtract-n [n sequence][n sequence] (map (fn [x][x] (- x n)(- x n))(fn [x] (- x n)) sequence)(map (fn [x] (- x n)) sequence) )user=> (defn subtract-n [n sequence] (map (fn [x] (- x n)) sequence) )user=> [K(defn subtract-n [n sequence] (map (fn [x] (- x n)) sequence) )
#'user/subtract-n
user=> [Kuser=> [Kuser=> (subtract-n 2 [5 6 7 8][5 6 7 8])user=> (subtract-n 2 [5 6 7 8])user=> [K(subtract-n 2 [5 6 7 8])
(3 4 5 6)
user=> [Kuser=> [Kuser=> (map pos?  [-1 1 -2 2 -3 3][-1 1 -2 2 -3 3]user=> [K(map pos?  [-1 1 -2 2 -3 3]
[K[K]0;hs59@gold12: ~/cs214/lab/05[01;32mhs59@gold12[00m:[01;34m~/cs214/lab/05[00m$ clojure
[KClojure 1.10.1
[Kuser=> [Kuser=> [Kuser=> (map p pos?  [-1 1 -2 2 -3 3][-1 1 -2 2 -3 3])user=> (map pos?  [-1 1 -2 2 -3 3])user=> [K(map pos?  [-1 1 -2 2 -3 3])
(false true false true false true)
user=> [Kuser=> [Kuser=> pos?  [-1 1 -2 2 -3 3]user=> pos?  [-1 1 -2 2 -3 3]                      (filter (fn [x][x] (and (pos? x)(pos? x) (even? x)(even? x))(and (pos? x) (even? x)))user=> (filter (fn [x] (and (pos? x) (even? x))) [-1 1 -2 2 -3 3 -4 4][-1 1 -2 2 -3 3 -4 4])user=> (filter (fn [x] (and (pos? x) (even? x))) [-1 1 -2 2 -3 3 -4 4])user=> [K(filter (fn [x] (and (pos? x) (even? x))) [-1 1 -2 2 -3 3 -4 4])
[K(2 4)
user=> [Kuser=> [Kuser=> 
[K]0;hs59@gold12: ~/cs214/lab/05[01;32mhs59@gold12[00m:[01;34m~/cs214/lab/05[00m$ exit

Script done on 2022-02-11 15:18:10-05:00 [COMMAND_EXIT_CODE="0"]
