Script started on 2022-02-11 15:40:48-05:00 [TERM="xterm-256color" TTY="/dev/pts/2" COLUMNS="121" LINES="37"]
]0;hs59@gold12: ~/cs214/lab/05[01;32mhs59@gold12[00m:[01;34m~/cs214/lab/05[00m$ col  loh jure
[KClojure 1.10.1
[Kuser=> [Kuser=> [Kuser=> ( red    recud3e     duce         (reduce + [1 2 3 4 5][1 2 3 4 5])user=> (reduce + [1 2 3 4 5])user=> [K(reduce + [1 2 3 4 5])
15
user=> [Kuser=> [Kuser=> (reduce + 1 [2 3 4 5][2 3 4 5])user=> (reduce + 1 [2 3 4 5])user=> [K(reduce + 1 [2 3 4 5])
15
user=> [Kuser=> [Kuser=> (reduce + 1 '(2 3 4 5)(2 3 4 5))user=> [K(reduce + 1 '(2 3 4 5))
15
user=> [Kuser=> [Kuser=> (reduce max 5 [4 3 2 1][4 3 2 1])user=> (reduce max 5 [4 3 2 1])user=> [K(reduce max 5 [4 3 2 1])
5
user=> [Kuser=> [Kuser=> (reduce bit-or [1 2 3 4][1 2 3 4])user=> (reduce bit-or [1 2 3 4])user=> [K(reduce bit-or [1 2 3 4])
7
user=> [Kuser=> [Kuser=> (reduce str ["a" "b" "c"]["a" "b" "c"])user=> (reduce str ["a" "b" "c"])user=> [K(reduce str ["a" "b" "c"])
"abc"
user=> [Kuser=> [Kuser=> (reduce + 1 2 [3 4 5][3 4 5])user=> (reduce + 1 2 [3 4 5])user=> [K(reduce + 1 2 [3 4 5])
Execution error (ArityException) at user/eval13 (REPL:1).
Wrong number of args (4) passed to: clojure.core/reduce
user=> [Kuser=> [Kuser=> (reduce + 1 '(2 3 4)(2 3 4) 5)user=> [K(reduce + 1 '(2 3 4) 5)
Execution error (ArityException) at user/eval15 (REPL:1).
Wrong number of args (4) passed to: clojure.core/reduce
user=> [Kuser=> [Kuser=> (defn csv [seq][seq] (reduce (fn [a b][a b] (str a "," b)(str a "," b))(fn [a b] (str a "," b)) seq)user=> (defn csv [seq] (reduce (fn [a b] (str a "," b)) seq) )user=> (defn csv [seq] (reduce (fn [a b] (str a "," b)) seq) )user=> [K(defn csv [seq] (reduce (fn [a b] (str a "," b)) seq) )
[K#'user/csv
user=> [Kuser=> [Kuser=> (csv [11 22 33][11 22 33])user=> (csv [11 22 33])user=> [K(csv [11 22 33])
"11,22,33"
user=> [Kuser=> [Kuser=> (defn totalItems [seqOfSeqs][seqOfSeqs] (reduce + (map count seqOfSeqs)(map count seqOfSeqs))(reduce + (map count seqOfSeqs)) )user=> (defn totalItems [seqOfSeqs] (reduce + (map count seqOfSeqs)) )user=> [K(defn totalItems [seqOfSeqs] (reduce + (map count seqOfSeqs)) )
#'user/totalItems
user=> [Kuser=> [Kuser=> (totalItems [["Ann"]["Ann"] ["Bob" "Chris"]["Bob" "Chris"] ["Dan" "Eve" "Fred"]["Dan" "Eve" "Fred"]]user=> (totalItems [["Ann"] ["Bob" "Chris"] ["Dan" "Eve" "Fred"]])user=> (totalItems [["Ann"] ["Bob" "Chris"] ["Dan" "Eve" "Fred"]])user=> [K(totalItems [["Ann"] ["Bob" "Chris"] ["Dan" "Eve" "Fred"]])
6
user=> [Kuser=> [Kuser=> 
[K]0;hs59@gold12: ~/cs214/lab/05[01;32mhs59@gold12[00m:[01;34m~/cs214/lab/05[00m$ exit

Script done on 2022-02-11 15:43:14-05:00 [COMMAND_EXIT_CODE="0"]
